<!doctype html>
<html><head><meta charset="utf-8"><title>code demo</title><style>body{font-family:ui-sans-serif,system-ui;padding:24px;background:#fafafa;}pre.mdv-code{border-radius:12px;padding:16px;background:#f4f4f5;box-shadow:0 1px 2px rgba(0,0,0,0.08);overflow:auto;}code{font-family:ui-monospace,Menlo,Consolas,monospace;}</style></head><body>
<pre class="mdv-code" data-lang="rust"><code><span style="color:inherit;"><span style="color:#61afef;"><span style="color:#61afef;"><span style="color:#61afef;font-weight:bold;">fn</span> </span><span style="color:#61afef;">main</span></span><span style="color:#61afef;"><span style="color:#61afef;"><span style="color:inherit;">(</span></span><span style="color:#61afef;"><span style="color:#61afef;"><span style="color:inherit;">)</span></span></span></span><span style="color:#61afef;"> </span><span style="color:#61afef;"><span style="color:inherit;"><span style="color:inherit;">{</span>
    <span style="color:#e5c07b;font-weight:bold;">let</span> msg <span style="color:#c678dd;font-weight:bold;">=</span> <span style="color:#98c379;"><span style="color:#98c379;">&quot;</span>hello, world<span style="color:#98c379;">&quot;</span></span><span style="color:inherit;">;</span>
    <span style="color:#e5c07b;">println!</span><span style="color:inherit;"><span style="color:inherit;">(</span></span><span style="color:inherit;"><span style="color:#98c379;"><span style="color:#98c379;">&quot;</span><span style="color:#d19a66;">{msg}</span><span style="color:#98c379;">&quot;</span></span></span><span style="color:inherit;"><span style="color:inherit;">)</span></span><span style="color:inherit;">;</span>
</span><span style="color:inherit;"><span style="color:inherit;">}</span></span></span>
</span></code></pre>
<pre class="mdv-code" data-lang="python"><code><span style="color:inherit;"><span style="color:#61afef;"><span style="color:#61afef;font-weight:bold;">def</span> <span style="color:#61afef;"><span style="color:inherit;">greet</span></span></span><span style="color:#61afef;"><span style="color:inherit;">(</span></span><span style="color:#61afef;"><span style="color:#61afef;">name</span></span><span style="color:#61afef;"><span style="color:inherit;">:</span> <span style="color:inherit;"><span style="color:#e5c07b;">str</span></span></span><span style="color:#61afef;"><span style="color:inherit;">)</span></span><span style="color:#61afef;"> </span><span style="color:#61afef;"><span style="color:inherit;">-&gt;</span> <span style="color:inherit;"><span style="color:#e5c07b;">str</span></span></span><span style="color:#61afef;"><span style="color:#61afef;">:</span></span>
    <span style="color:#c678dd;font-weight:bold;">return</span> <span style="color:#98c379;font-weight:bold;">f</span><span style="color:#98c379;"><span style="color:#98c379;"><span style="color:#98c379;">&quot;</span></span></span><span style="color:#98c379;"><span style="color:#98c379;">hello, </span><span style="color:inherit;"><span style="color:inherit;">{</span><span style="color:inherit;"><span style="color:inherit;"><span style="color:inherit;">name</span></span></span></span><span style="color:inherit;"><span style="color:inherit;">}</span></span><span style="color:#98c379;"><span style="color:#98c379;">&quot;</span></span></span>

<span style="color:inherit;"><span style="color:inherit;"><span style="color:#61afef;">print</span></span><span style="color:inherit;">(</span><span style="color:inherit;"><span style="color:inherit;"><span style="color:inherit;"><span style="color:#61afef;">greet</span></span><span style="color:inherit;">(</span><span style="color:inherit;"><span style="color:#98c379;"><span style="color:#98c379;"><span style="color:#98c379;">&quot;</span></span></span><span style="color:#98c379;"><span style="color:#98c379;">world<span style="color:#98c379;">&quot;</span></span></span></span><span style="color:inherit;">)</span></span></span><span style="color:inherit;">)</span></span>
</span></code></pre>
<pre class="mdv-code" data-lang="javascript"><code><span style="color:inherit;"><span style="color:#e5c07b;font-weight:bold;">const</span> <span style="color:#61afef;"><span style="color:#61afef;"><span style="color:#61afef;">add</span></span> <span style="color:#c678dd;font-weight:bold;">=</span> </span><span style="color:#61afef;"><span style="color:inherit;">(</span><span style="color:#61afef;">a</span><span style="color:#61afef;">,</span> <span style="color:#61afef;">b</span><span style="color:inherit;">)</span><span style="color:#61afef;"> </span><span style="color:#61afef;font-weight:bold;">=&gt;</span></span> <span style="color:inherit;"><span style="color:#61afef;">a</span> <span style="color:#c678dd;font-weight:bold;">+</span> <span style="color:#61afef;">b</span></span><span style="color:inherit;">;</span>
<span style="color:inherit;"><span style="color:#e5c07b;">console</span><span style="color:inherit;">.</span><span style="color:#61afef;">log</span><span style="color:inherit;"><span style="color:inherit;">(</span><span style="color:inherit;"><span style="color:#61afef;">add</span><span style="color:inherit;"><span style="color:inherit;">(</span><span style="color:#d19a66;">2</span><span style="color:inherit;">,</span> <span style="color:#d19a66;">3</span></span><span style="color:inherit;"><span style="color:inherit;">)</span></span></span></span><span style="color:inherit;"><span style="color:inherit;">)</span></span></span><span style="color:inherit;">;</span>
</span></code></pre>
<pre class="mdv-code" data-lang="flibbertigibbet"><code><span style="color:inherit;">this has no grammar
just plain text
</span></code></pre>
</body></html>
